[htmldemo.net/buznex/buznex/index.html]
[backblue.gif]
[fade.gif]
[index.html]
[htmldemo.net/buznex/buznex/assets/images/favicon.ico]
[htmldemo.net/buznex/buznex/assets/css/vendor/simple-line-icons.css]
[htmldemo.net/buznex/buznex/assets/css/vendor/metropolis.css]
[htmldemo.net/buznex/buznex/assets/css/vendor/icofont.min.css]
[htmldemo.net/buznex/buznex/assets/css/vendor/material-design-iconic.min.css]
[htmldemo.net/buznex/buznex/assets/css/vendor/font-awesome.css]
[htmldemo.net/buznex/buznex/assets/css/plugins/animate.min.css]
[htmldemo.net/buznex/buznex/assets/css/plugins/swiper-bundle.min.css]
[htmldemo.net/buznex/buznex/assets/images/logo/logo.png]
[htmldemo.net/buznex/buznex/assets/css/style.css]
[htmldemo.net/buznex/buznex/about.html]
[htmldemo.net/buznex/buznex/service.html]
[htmldemo.net/buznex/buznex/single-service.html]
[htmldemo.net/buznex/buznex/faq.html]
[htmldemo.net/buznex/buznex/team.html]
[htmldemo.net/buznex/buznex/blog.html]
[htmldemo.net/buznex/buznex/blog-grid-left-sidebar.html]
[htmldemo.net/buznex/buznex/blog-grid-right-sidebar.html]
[htmldemo.net/buznex/buznex/blog-details.html]
[htmldemo.net/buznex/buznex/contact.html]
[htmldemo.net/buznex/buznex/assets/images/slider/shape/shape1.png]
[htmldemo.net/buznex/buznex/assets/images/slider/shape/shape2.png]
[htmldemo.net/buznex/buznex/marketing-policy.html]
[htmldemo.net/buznex/buznex/assets/images/slider/slide2.png]
[htmldemo.net/buznex/buznex/assets/images/brand-logo/1.png]
[htmldemo.net/buznex/buznex/assets/images/brand-logo/2.png]
[htmldemo.net/buznex/buznex/assets/images/brand-logo/3.png]
[htmldemo.net/buznex/buznex/assets/images/brand-logo/4.png]
[htmldemo.net/buznex/buznex/assets/images/feature/shape.png]
[htmldemo.net/buznex/buznex/assets/images/feature/logo/1.png]
[htmldemo.net/buznex/buznex/assets/images/feature/logo/2.png]
[htmldemo.net/buznex/buznex/assets/images/feature/logo/3.png]
[htmldemo.net/buznex/buznex/assets/images/about/1.png]
[htmldemo.net/buznex/buznex/assets/images/about/shape.png]
[htmldemo.net/buznex/buznex/assets/images/service/icon/1.png]
[htmldemo.net/buznex/buznex/digital-solution.html]
[htmldemo.net/buznex/buznex/assets/images/service/icon/2.png]
[htmldemo.net/buznex/buznex/business-plan.html]
[htmldemo.net/buznex/buznex/assets/images/service/icon/3.png]
[htmldemo.net/buznex/buznex/creative-strategy.html]
[htmldemo.net/buznex/buznex/assets/images/service/media.png]
[htmldemo.net/buznex/buznex/assets/images/service/icon/4.png]
[htmldemo.net/buznex/buznex/branding.html]
[htmldemo.net/buznex/buznex/assets/images/service/icon/5.png]
[htmldemo.net/buznex/buznex/assets/images/service/icon/6.png]
[htmldemo.net/buznex/buznex/campaign.html]
[htmldemo.net/buznex/buznex/assets/images/testimonial/shape.png]
[htmldemo.net/buznex/buznex/assets/images/testimonial/1.png]
[htmldemo.net/buznex/buznex/assets/images/testimonial/avater.png]
[htmldemo.net/buznex/buznex/assets/images/testimonial/2.png]
[htmldemo.net/buznex/buznex/assets/images/team/rounded-img1.png]
[htmldemo.net/buznex/buznex/assets/images/team/rounded-img2.png]
[htmldemo.net/buznex/buznex/assets/images/team/rounded-img3.png]
[htmldemo.net/buznex/buznex/assets/images/blog/1.png]
[htmldemo.net/buznex/buznex/assets/images/blog/2.png]
[htmldemo.net/buznex/buznex/assets/images/blog/3.png]
[htmldemo.net/buznex/buznex/assets/images/footer/1.png]
[htmldemo.net/buznex/buznex/assets/images/logo/logo-footer.png]
[htmldemo.net/buznex/buznex/assets/js/waypoints.min.js]
[htmldemo.net/buznex/buznex/assets/js/vendor/vendor.min.js]
[htmldemo.net/buznex/buznex/assets/js/vendor/parallax.js]
[htmldemo.net/buznex/buznex/assets/js/plugins/plugins.min.js]
[htmldemo.net/buznex/buznex/assets/js/ajax-contact.js]
[htmldemo.net/buznex/buznex/index.html]
[htmldemo.net/buznex/buznex/assets/js/main.js]
[htmldemo.net/buznex/buznex/assets/fonts/simpleLineIcons/Simple-Line-Iconsb26c.eot]
[htmldemo.net/buznex/buznex/assets/fonts/simpleLineIcons/Simple-Line-Iconsb26c.woff2]
[htmldemo.net/buznex/buznex/assets/fonts/simpleLineIcons/Simple-Line-Iconsb26c.ttf]
[htmldemo.net/buznex/buznex/assets/fonts/simpleLineIcons/Simple-Line-Iconsb26c.woff]
[htmldemo.net/buznex/buznex/assets/css/vendor/simple-line-icons.css]
[htmldemo.net/buznex/buznex/assets/fonts/icofont/icofont.woff2]
[htmldemo.net/buznex/buznex/assets/fonts/simpleLineIcons/Simple-Line-Iconsb26c.svg]
[htmldemo.net/buznex/buznex/assets/fonts/icofont/icofont.woff]
[htmldemo.net/buznex/buznex/assets/css/vendor/icofont.min.css]
[htmldemo.net/buznex/buznex/assets/fonts/metropolis/Metropolis-Regular.woff]
[htmldemo.net/buznex/buznex/assets/fonts/metropolis/Metropolis-RegularItalic.woff]
[htmldemo.net/buznex/buznex/assets/fonts/metropolis/Metropolis-ExtraLight.woff]
[htmldemo.net/buznex/buznex/assets/fonts/metropolis/Metropolis-Light.woff]
[htmldemo.net/buznex/buznex/assets/fonts/metropolis/Metropolis-Thin.woff]
[htmldemo.net/buznex/buznex/assets/fonts/metropolis/Metropolis-ExtraLightItalic.woff]
[htmldemo.net/buznex/buznex/assets/fonts/metropolis/Metropolis-LightItalic.woff]
[htmldemo.net/buznex/buznex/assets/fonts/metropolis/Metropolis-ThinItalic.woff]
[htmldemo.net/buznex/buznex/assets/fonts/metropolis/Metropolis-Medium.woff]
[htmldemo.net/buznex/buznex/assets/fonts/metropolis/Metropolis-SemiBold.woff]
[htmldemo.net/buznex/buznex/assets/fonts/metropolis/Metropolis-Bold.woff]
[htmldemo.net/buznex/buznex/assets/fonts/metropolis/Metropolis-BoldItalic.woff]
[htmldemo.net/buznex/buznex/assets/fonts/metropolis/Metropolis-MediumItalic.woff]
[htmldemo.net/buznex/buznex/assets/fonts/metropolis/Metropolis-SemiBoldItalic.woff]
[htmldemo.net/buznex/buznex/assets/fonts/metropolis/Metropolis-ExtraBold.woff]
[htmldemo.net/buznex/buznex/assets/fonts/metropolis/Metropolis-ExtraBoldItalic.woff]
[htmldemo.net/buznex/buznex/assets/fonts/metropolis/Metropolis-Black.woff]
[htmldemo.net/buznex/buznex/assets/fonts/metropolis/Metropolis-BlackItalic.woff]
[htmldemo.net/buznex/buznex/assets/css/vendor/metropolis.css]
[htmldemo.net/buznex/buznex/assets/fonts/meterial/Material-Design-Iconic-Fontd1f1.woff2]
[htmldemo.net/buznex/buznex/assets/css/vendor/material-design-iconic.min.css]
[htmldemo.net/buznex/buznex/fonts/font-awesome/font-awesome/fontawesome-webfont3e6e.eot]
[htmldemo.net/buznex/buznex/assets/fonts/font-awesome/fontawesome-webfontd41d.eot]
[htmldemo.net/buznex/buznex/assets/fonts/font-awesome/fontawesome-webfont3e6e.woff2]
[htmldemo.net/buznex/buznex/assets/fonts/font-awesome/fontawesome-webfont3e6e.woff]
[htmldemo.net/buznex/buznex/assets/fonts/font-awesome/fontawesome-webfont3e6e.ttf]
[htmldemo.net/buznex/buznex/assets/css/vendor/font-awesome.css]
[htmldemo.net/buznex/buznex/assets/css/plugins/animate.min.css]
[htmldemo.net/buznex/buznex/assets/css/plugins/swiper-bundle.min.css]
[htmldemo.net/buznex/buznex/assets/css/style.css]
[htmldemo.net/buznex/buznex/assets/images/banner/shape1.png]
[htmldemo.net/buznex/buznex/assets/images/banner/1.png]
[htmldemo.net/buznex/buznex/assets/fonts/font-awesome/fontawesome-webfont3e6e.svg]
[htmldemo.net/buznex/buznex/assets/images/about/2.png]
[htmldemo.net/buznex/buznex/about.html]
[htmldemo.net/buznex/buznex/assets/images/service/2.png]
[htmldemo.net/buznex/buznex/service.html]
[htmldemo.net/buznex/buznex/assets/images/service/3.png]
[htmldemo.net/buznex/buznex/assets/images/service/icon/small/1.png]
[htmldemo.net/buznex/buznex/assets/images/service/icon/small/2.png]
[htmldemo.net/buznex/buznex/assets/images/service/icon/small/3.png]
[htmldemo.net/buznex/buznex/assets/images/service/icon/small/4.png]
[htmldemo.net/buznex/buznex/investmet-plans.html]
[htmldemo.net/buznex/buznex/assets/images/service/icon/small/5.png]
[htmldemo.net/buznex/buznex/consultancy.html]
[htmldemo.net/buznex/buznex/assets/images/service/icon/small/6.png]
[htmldemo.net/buznex/buznex/assets/images/service/icon/small/7.png]
[htmldemo.net/buznex/buznex/assets/images/service/icon/small/8.png]
[htmldemo.net/buznex/buznex/assets/images/service/icon/small/9.png]
[htmldemo.net/buznex/buznex/assets/images/service/icon/small/10.png]
[htmldemo.net/buznex/buznex/assets/images/service/4.png]
[htmldemo.net/buznex/buznex/assets/images/service/5.png]
[htmldemo.net/buznex/buznex/single-service.html]
[htmldemo.net/buznex/buznex/assets/images/faq/1.png]
[htmldemo.net/buznex/buznex/faq.html]
[htmldemo.net/buznex/buznex/assets/images/team/5.png]
[htmldemo.net/buznex/buznex/assets/images/team/1.png]
[htmldemo.net/buznex/buznex/assets/images/team/2.png]
[htmldemo.net/buznex/buznex/assets/images/team/3.png]
[htmldemo.net/buznex/buznex/assets/images/team/4.png]
[htmldemo.net/buznex/buznex/assets/images/team/6.png]
[htmldemo.net/buznex/buznex/assets/images/team/7.png]
[htmldemo.net/buznex/buznex/assets/images/team/8.png]
[htmldemo.net/buznex/buznex/assets/images/team/9.png]
[htmldemo.net/buznex/buznex/team.html]
[htmldemo.net/buznex/buznex/assets/images/blog/banner.png]
[htmldemo.net/buznex/buznex/assets/images/blog/4.png]
[htmldemo.net/buznex/buznex/assets/images/blog/5.png]
[htmldemo.net/buznex/buznex/assets/images/blog/6.png]
[htmldemo.net/buznex/buznex/assets/images/blog/7.png]
[htmldemo.net/buznex/buznex/assets/images/blog/8.png]
[htmldemo.net/buznex/buznex/assets/images/blog/9.png]
[htmldemo.net/buznex/buznex/assets/images/blog/10.png]
[htmldemo.net/buznex/buznex/assets/images/blog/11.png]
[htmldemo.net/buznex/buznex/assets/images/blog/12.png]
[htmldemo.net/buznex/buznex/blog.html]
[htmldemo.net/buznex/buznex/assets/images/blog/post/1.png]
[htmldemo.net/buznex/buznex/assets/images/blog/post/2.png]
[htmldemo.net/buznex/buznex/assets/images/blog/post/3.png]
[htmldemo.net/buznex/buznex/blog-grid-left-sidebar.html]
[htmldemo.net/buznex/buznex/blog-grid-right-sidebar.html]
[htmldemo.net/buznex/buznex/assets/images/blog-details/1.png]
[htmldemo.net/buznex/buznex/assets/images/blog-details/2.png]
[htmldemo.net/buznex/buznex/assets/images/blog-details/profile.png]
[htmldemo.net/buznex/buznex/assets/images/blog-details/profile2.png]
[htmldemo.net/buznex/buznex/assets/images/blog-details/profile3.png]
[htmldemo.net/buznex/buznex/blog-details.html]
[htmldemo.net/buznex/buznex/assets/images/contact/1.png]
[htmldemo.net/buznex/buznex/contact.html]
[htmldemo.net/buznex/buznex/assets/images/service/11.png]
[htmldemo.net/buznex/buznex/marketing-policy.html]
[htmldemo.net/buznex/buznex/assets/images/service/7.png]
[htmldemo.net/buznex/buznex/digital-solution.html]
[htmldemo.net/buznex/buznex/business-plan.html]
[htmldemo.net/buznex/buznex/assets/images/service/8.png]
[htmldemo.net/buznex/buznex/creative-strategy.html]
[htmldemo.net/buznex/buznex/assets/images/service/6.png]
[htmldemo.net/buznex/buznex/branding.html]
[htmldemo.net/buznex/buznex/assets/images/service/12.png]
[htmldemo.net/buznex/buznex/campaign.html]
[htmldemo.net/buznex/buznex/assets/fonts/simpleLineIcons/Simple-Line-Iconsb26c.svg]
[htmldemo.net/buznex/buznex/fonts/font-awesome/font-awesome/fontawesome-webfont3e6e.html]
[htmldemo.net/buznex/buznex/assets/fonts/font-awesome/fontawesome-webfont3e6e.svg]
[htmldemo.net/buznex/buznex/assets/images/service/9.png]
[htmldemo.net/buznex/buznex/investmet-plans.html]
[htmldemo.net/buznex/buznex/assets/images/service/10.png]
[htmldemo.net/buznex/buznex/consultancy.html]
